<html><head><title>Inventory by Dealer</title></head><body>
<dl>
(Bay Chevy 96 Chevrolet Caprice - Bay Chevy 96 Chevrolet Nova)
(Bay Chevy 96 Chevrolet Corvett - Bay Chevy 96 Chevrolet Corsica)
(Bay Chevy 96 Chevrolet Corsica - Colman Olds 96 Olds Ciera)
<dt>Colman Olds</dt><dd>
96 Olds Cutlass <p>
95 Olds Cutlas <p>
93 Dodge Shadow <p>
94 Jeep Cheroke <p>
92 Toyota Previa <p>
</dd>
(Colman Olds 93 Toyota Celica - Colman Olds 94 Honda Civic)
(Colman Olds 93 Honda Civix - Spam Chev 96 Chevrolet Nova)
(Spam Chev 96 Chevrolet Corvett - Spam Chev 96 Chevrolet Corsica)
(Spam Chev 96 Chevrolet Corsica - Spam Olds 96 Olds Ciera)
(Spam Olds 96 Olds Cutlass - Spam Olds 92 Toyota Previa)
(Spam Olds 93 Toyota Celica - Spam Olds 93 Honda Civix)
</dl>
</body></html>
